// Jest Snapshot v1, https://goo.gl/fbAQLP

exports[`Loading screen Weather information screen to match snapshot 1`] = `
<LoadingScreen>
  <div
    className="makeStyles-container-1"
  >
    loading....
  </div>
</LoadingScreen>
`;
